============================= test session starts =============================
platform win32 -- Python 3.11.3, pytest-9.0.2, pluggy-1.6.0 -- C:\Users\saiha\My_Service\programing\Trancform_MovieToText\.venv\Scripts\python.exe
cachedir: .pytest_cache
rootdir: C:\Users\saiha\My_Service\programing\Trancform_MovieToText
configfile: pyproject.toml
plugins: anyio-4.12.1, mock-3.15.1
collecting ... collected 22 items

tests/test_config_manager.py::test_config_manager_save_load FAILED       [  4%]
tests/test_config_manager.py::test_config_manager_invalid_json FAILED    [  9%]
tests/test_controllers.py::test_transcription_auto_save_heuristic_discard PASSED [ 13%]
tests/test_controllers.py::test_transcription_auto_save_heuristic_persist PASSED [ 18%]
tests/test_controllers.py::test_minutes_controller_persistence_with_model PASSED [ 22%]
tests/test_error_resilience.py::test_database_lock_resilience PASSED     [ 27%]
tests/test_error_resilience.py::test_whisper_invalid_model_handling PASSED [ 31%]
tests/test_error_resilience.py::test_config_manager_file_corruption PASSED [ 36%]
tests/test_gemini_client.py::test_get_available_models PASSED            [ 40%]
tests/test_gemini_client.py::test_generate_minutes PASSED                [ 45%]
tests/test_history_mgr.py::test_add_and_get_meeting PASSED               [ 50%]
tests/test_history_mgr.py::test_search_fts5 FAILED                       [ 54%]
tests/test_history_mgr.py::test_get_projects PASSED                      [ 59%]
tests/test_history_mgr.py::test_update_minutes PASSED                    [ 63%]
tests/test_history_mgr.py::test_delete_meeting PASSED                    [ 68%]
tests/test_history_mgr.py::test_get_single_meeting PASSED                [ 72%]
tests/test_live_processor.py::TestLiveProcessor::test_handle_audio_data_numpy FAILED [ 77%]
tests/test_live_processor.py::TestLiveProcessor::test_worker_loop_consumes_queue FAILED [ 81%]
tests/test_ollama_clients.py::TestOllamaClients::test_ollama_cloud_client FAILED [ 86%]
tests/test_ollama_clients.py::TestOllamaClients::test_ollama_local_client FAILED [ 90%]
tests/test_recorder.py::test_ffmpeg_recorder_command PASSED              [ 95%]
tests/test_recorder.py::test_audio_recorder_start_stop PASSED            [100%]

================================== FAILURES ===================================
________________________ test_config_manager_save_load ________________________

tmp_path = WindowsPath('C:/Users/saiha/AppData/Local/Temp/pytest-of-saiha/pytest-100/test_config_manager_save_load0')

    def test_config_manager_save_load(tmp_path):
        config_file = tmp_path / "test_config.json"
        mgr = ConfigManager(config_path=str(config_file))
    
        # Initial state for gemini
        gemini_config = mgr.get_provider_config("gemini")
>       assert gemini_config.get("api_key", "") == ""
E       AssertionError: assert 'AIzaSyBqUFeF...Cxoo0Iyo_ccmw' == ''
E         
E         + AIzaSyBqUFeFonNUfqEq5CvqGhCxoo0Iyo_ccmw

tests\test_config_manager.py:10: AssertionError
______________________ test_config_manager_invalid_json _______________________

tmp_path = WindowsPath('C:/Users/saiha/AppData/Local/Temp/pytest-of-saiha/pytest-100/test_config_manager_invalid_js0')

    def test_config_manager_invalid_json(tmp_path):
        config_file = tmp_path / "invalid.json"
        config_file.write_text("invalid json content")
    
        mgr = ConfigManager(config_path=str(config_file))
        # Should handle error and return empty dict/settings (which fallback to default initialization)
        gemini_config = mgr.get_provider_config("gemini")
>       assert gemini_config.get("api_key", "") == ""
E       AssertionError: assert 'AIzaSyBqUFeF...Cxoo0Iyo_ccmw' == ''
E         
E         + AIzaSyBqUFeFonNUfqEq5CvqGhCxoo0Iyo_ccmw

tests\test_config_manager.py:30: AssertionError
------------------------------ Captured log call ------------------------------
ERROR    src.config_manager:config_manager.py:26 Error loading config: Expecting value: line 1 column 1 (char 0)
______________________________ test_search_fts5 _______________________________

temp_db = <src.core.history_mgr.HistoryManager object at 0x000002BB3763ACD0>

    def test_search_fts5(temp_db):
        temp_db.add_meeting(title="Secret Meeting", transcript="The keyword is Banana", project_name="Cookbook", audio_path="a.mp3")
    
        # Verify row counts directly
        import sqlite3
    
        conn = sqlite3.connect(temp_db.db_path)
        f_count = conn.execute("SELECT COUNT(*) FROM meetings_fts").fetchone()[0]
        conn.close()
        assert f_count == 1, "FTS5 table should have 1 entry"
    
        # Search by transcript
        results = temp_db.search_meetings("Banana")
>       assert len(results) == 1
E       assert 0 == 1
E        +  where 0 = len([])

tests\test_history_mgr.py:50: AssertionError
_______________ TestLiveProcessor.test_handle_audio_data_numpy ________________

self = <MagicMock name='mock.transcribe' id='3003111642576'>

    def assert_called(self):
        """assert that the mock was called at least once
        """
        if self.call_count == 0:
            msg = ("Expected '%s' to have been called." %
                   (self._mock_name or 'mock'))
>           raise AssertionError(msg)
E           AssertionError: Expected 'transcribe' to have been called.

..\..\..\AppData\Roaming\uv\python\cpython-3.11.3-windows-x86_64-none\Lib\unittest\mock.py:902: AssertionError

During handling of the above exception, another exception occurred:

self = <test_live_processor.TestLiveProcessor testMethod=test_handle_audio_data_numpy>

    def test_handle_audio_data_numpy(self):
        # Create a dummy numpy float32 chunk
        audio_data = np.zeros(16000, dtype=np.float32)
    
        self.mock_transcriber.transcribe.return_value = "Hello numpy world"
    
        self.manager._handle_audio_data(audio_data)
    
        # Verify transcription was called with numpy array
>       self.mock_transcriber.transcribe.assert_called()
E       AssertionError: Expected 'transcribe' to have been called.

tests\test_live_processor.py:23: AssertionError
______________ TestLiveProcessor.test_worker_loop_consumes_queue ______________

self = <test_live_processor.TestLiveProcessor testMethod=test_worker_loop_consumes_queue>

    def test_worker_loop_consumes_queue(self):
        # Push 2 chunks to recorder's queue
        chunk1 = np.zeros(8000, dtype=np.float32)
        chunk2 = np.ones(8000, dtype=np.float32)
    
        self.manager.recorder.chunk_queue.put(chunk1)
        self.manager.recorder.chunk_queue.put(chunk2)
    
        self.mock_transcriber.transcribe.side_effect = ["One", "Two"]
    
        # Set stop event so loop runs until queue is empty
        self.manager.stop_event.set()
    
        # Run the loop manually
        self.manager._process_chunks_loop()
    
        # Verify both chunks were processed
>       self.assertEqual(self.manager.chunks_processed, 2)
E       AssertionError: 1 != 2

tests\test_live_processor.py:50: AssertionError
_________________ TestOllamaClients.test_ollama_cloud_client __________________

self = <test_ollama_clients.TestOllamaClients testMethod=test_ollama_cloud_client>
mock_client_class = <MagicMock name='Client' id='3003091561808'>

    @patch("src.llm.providers.ollama_client.Client")
    def test_ollama_cloud_client(self, mock_client_class):
        mock_instance = mock_client_class.return_value
        mock_instance.chat.return_value = {"message": {"content": "cloud response"}}
    
>       client = OllamaCloudClient(**self.cloud_config)
                 ^^^^^^^^^^^^^^^^^^^^^^^^^^^^^^^^^^^^^^
E       TypeError: Can't instantiate abstract class OllamaCloudClient with abstract method extract_category

tests\test_ollama_clients.py:31: TypeError
_________________ TestOllamaClients.test_ollama_local_client __________________

self = <test_ollama_clients.TestOllamaClients testMethod=test_ollama_local_client>
mock_client_class = <MagicMock name='Client' id='3003111776720'>

    @patch("src.llm.providers.ollama_client.Client")
    def test_ollama_local_client(self, mock_client_class):
        mock_instance = mock_client_class.return_value
        mock_instance.chat.return_value = {"message": {"content": "local response"}}
    
>       client = OllamaLocalClient(**self.local_config)
                 ^^^^^^^^^^^^^^^^^^^^^^^^^^^^^^^^^^^^^^
E       TypeError: Can't instantiate abstract class OllamaLocalClient with abstract method extract_category

tests\test_ollama_clients.py:18: TypeError
============================== warnings summary ===============================
.venv\Lib\site-packages\requests\__init__.py:113
  C:\Users\saiha\My_Service\programing\Trancform_MovieToText\.venv\Lib\site-packages\requests\__init__.py:113: RequestsDependencyWarning: urllib3 (2.6.3) or chardet (7.0.0)/charset_normalizer (3.4.4) doesn't match a supported version!
    warnings.warn(

-- Docs: https://docs.pytest.org/en/stable/how-to/capture-warnings.html
=========================== short test summary info ===========================
FAILED tests/test_config_manager.py::test_config_manager_save_load - Assertio...
FAILED tests/test_config_manager.py::test_config_manager_invalid_json - Asser...
FAILED tests/test_history_mgr.py::test_search_fts5 - assert 0 == 1
FAILED tests/test_live_processor.py::TestLiveProcessor::test_handle_audio_data_numpy
FAILED tests/test_live_processor.py::TestLiveProcessor::test_worker_loop_consumes_queue
FAILED tests/test_ollama_clients.py::TestOllamaClients::test_ollama_cloud_client
FAILED tests/test_ollama_clients.py::TestOllamaClients::test_ollama_local_client
=================== 7 failed, 15 passed, 1 warning in 5.27s ===================
